0.0
0.0
0.0
0.0
0.0005842186076123185
0.0009639947944281101
0.0009182763788656534
0.000739151106388396
0.00011354439706717238
0.000293728888236158
0.00023722206549893572
0.00027416327477486975
0.0004426814422268706
0.0003206387681894975
0.0004320937859162984